[2026-04-19 18:51:19] Failed to connect to database: jdbc:mysql://localhost:3306/cinem_booking
Cause: SQLSyntaxErrorException - Unknown database 'cinem_booking'
    at com.mysql.cj.jdbc.exceptions.SQLError.createSQLException(SQLError.java:112)
    at com.mysql.cj.jdbc.exceptions.SQLExceptionsMapping.translateException(SQLExceptionsMapping.java:114)
    at com.mysql.cj.jdbc.ConnectionImpl.createNewIO(ConnectionImpl.java:840)
    at com.mysql.cj.jdbc.ConnectionImpl.<init>(ConnectionImpl.java:416)
    at com.mysql.cj.jdbc.ConnectionImpl.getInstance(ConnectionImpl.java:237)
    at com.mysql.cj.jdbc.NonRegisteringDriver.connect(NonRegisteringDriver.java:180)
    at java.sql/java.sql.DriverManager.getConnection(DriverManager.java:613)
    at java.sql/java.sql.DriverManager.getConnection(DriverManager.java:199)
    at util.DBConnection.<init>(DBConnection.java:25)
    at util.DBConnection.getInstance(DBConnection.java:38)
    at dao.CustomerDAO.<init>(CustomerDAO.java:21)
    at ui.LoginPanel.<init>(LoginPanel.java:23)
    at ui.LoginPanel.lambda$main$0(LoginPanel.java:207)
    at java.desktop/java.awt.event.InvocationEvent.dispatch(InvocationEvent.java:323)
    at java.desktop/java.awt.EventQueue.dispatchEventImpl(EventQueue.java:723)
    at java.desktop/java.awt.EventQueue.dispatchEvent(EventQueue.java:702)
    at java.desktop/java.awt.EventDispatchThread.pumpOneEventForFilters(EventDispatchThread.java:203)
    at java.desktop/java.awt.EventDispatchThread.pumpEventsForFilter(EventDispatchThread.java:124)
    at java.desktop/java.awt.EventDispatchThread.pumpEventsForHierarchy(EventDispatchThread.java:113)
    at java.desktop/java.awt.EventDispatchThread.pumpEvents(EventDispatchThread.java:109)
    at java.desktop/java.awt.EventDispatchThread.pumpEvents(EventDispatchThread.java:101)
    at java.desktop/java.awt.EventDispatchThread.run(EventDispatchThread.java:90)

[2026-04-19 18:51:19] Failed to connect to database: jdbc:mysql://localhost:3306/cinem_booking
Cause: SQLSyntaxErrorException - Unknown database 'cinem_booking'
    at com.mysql.cj.jdbc.exceptions.SQLError.createSQLException(SQLError.java:112)
    at com.mysql.cj.jdbc.exceptions.SQLExceptionsMapping.translateException(SQLExceptionsMapping.java:114)
    at com.mysql.cj.jdbc.ConnectionImpl.createNewIO(ConnectionImpl.java:840)
    at com.mysql.cj.jdbc.ConnectionImpl.<init>(ConnectionImpl.java:416)
    at com.mysql.cj.jdbc.ConnectionImpl.getInstance(ConnectionImpl.java:237)
    at com.mysql.cj.jdbc.NonRegisteringDriver.connect(NonRegisteringDriver.java:180)
    at java.sql/java.sql.DriverManager.getConnection(DriverManager.java:613)
    at java.sql/java.sql.DriverManager.getConnection(DriverManager.java:199)
    at util.DBConnection.<init>(DBConnection.java:25)
    at util.DBConnection.getConnection(DBConnection.java:46)
    at dao.CustomerDAO.<init>(CustomerDAO.java:21)
    at ui.LoginPanel.<init>(LoginPanel.java:23)
    at ui.LoginPanel.lambda$main$0(LoginPanel.java:207)
    at java.desktop/java.awt.event.InvocationEvent.dispatch(InvocationEvent.java:323)
    at java.desktop/java.awt.EventQueue.dispatchEventImpl(EventQueue.java:723)
    at java.desktop/java.awt.EventQueue.dispatchEvent(EventQueue.java:702)
    at java.desktop/java.awt.EventDispatchThread.pumpOneEventForFilters(EventDispatchThread.java:203)
    at java.desktop/java.awt.EventDispatchThread.pumpEventsForFilter(EventDispatchThread.java:124)
    at java.desktop/java.awt.EventDispatchThread.pumpEventsForHierarchy(EventDispatchThread.java:113)
    at java.desktop/java.awt.EventDispatchThread.pumpEvents(EventDispatchThread.java:109)
    at java.desktop/java.awt.EventDispatchThread.pumpEvents(EventDispatchThread.java:101)
    at java.desktop/java.awt.EventDispatchThread.run(EventDispatchThread.java:90)

